// Jest Snapshot v1, https://goo.gl/fbAQLP

exports[`App Component rendering should render as expected 1`] = `<App />`;
